adc_config.h:16:13:MX_ADC1_Init	24	static
adc_config.h:62:13:MX_DMA_Init	16	static
uart_config.h:14:13:MX_USART3_UART_Init	8	static
func.h:19:10:current_value	40	static
func.h:29:10:voltage_value	48	static
func.h:41:10:power_value	16	static
gipio_config.h:13:6:SystemClock_Config	88	static
gipio_config.h:48:13:MX_GPIO_Init	24	static
main.c:56:5:main	136	static
main.c:132:6:thread0_func	16	static
main.c:147:6:thread1_func	16	static
main.c:160:6:thread2_func	24	static
main.c:174:6:theard3_func	16	static
main.c:193:6:HAL_TIM_PeriodElapsedCallback	16	static
main.c:206:6:Error_Handler	4	static
